g 3 4
b 0 0
b 1 1
b 2 2
b 0 1
b 0 2
b 1 2
b 1 0
b 2 1
b 0 3
b 1 3
+---+
|***|
|***|
|***|
|***|
+---+
u 2 3
+---+
|***|
|***|
|***|
|**3|
+---+
f 0 2
+---+
|***|
|***|
|f**|
|**3|
+---+
f 1 2
+---+
|***|
|***|
|ff*|
|**3|
+---+
f 0 1
+---+
|***|
|f**|
|ff*|
|**3|
+---+
f 1 0
+---+
|*f*|
|f**|
|ff*|
|**3|
+---+
f 2 2
+---+
|*f*|
|f**|
|fff|
|**3|
+---+
u 2 0
+---+
|*f3|
|f**|
|fff|
|**3|
+---+
f 2 1
+---+
|*f3|
|f*f|
|fff|
|**3|
+---+
f 1 1
+---+
|*f3|
|fff|
|fff|
|**3|
+---+
f 0 3
+---+
|*f3|
|fff|
|fff|
|f*3|
+---+
f 0 0
+---+
|ff3|
|fff|
|fff|
|f*3|
+---+

f 1 3
+---+
|ff3|
|fff|
|fff|
|ff3|
+---+
won
